→ Search Console (7 gün) çekiliyor...
  ✓ 50 query, 6 sayfa
→ GA4 (7 gün) çekiliyor...
  ✓ 6 sayfa, 4 kanal

✓ Rapor: /root/projects/yakinimdakideprem.com/reports/seo-2026-04-20.json

─── ÖZET ───
Search Console: 27 tıklama, 3389 gösterim
Top 5 query:
  • yakınımdaki deprem                  7tk / 2132gz / pos 7.6
  • sismik harita canlı                 5tk / 15gz / pos 10.5
  • deprem                              3tk / 4gz / pos 11.5
  • anlık deprem                        1tk / 541gz / pos 11.8
  • canlı deprem                        1tk / 61gz / pos 11.0
GA4: 32 aktif kullanıcı
Top 5 sayfa:
  • /                                   19u / 80pv / eng%43.5
  • /ben-kimim.html                     5u / 10pv / eng%66.7
  • /deprem-aninda.html                 4u / 1pv / eng%50.0
  • /ilk-yardim-cantasi.html            2u / 0pv / eng%50.0
  • /blog-disaridaysaniz.html           1u / 0pv / eng%100.0
[2026-04-20T09:00:05+00:00] Rapor üretildi
→ Search Console (7 gün) çekiliyor...
  ✓ 50 query, 17 sayfa
→ GA4 (7 gün) çekiliyor...
  ✓ 7 sayfa, 4 kanal

✓ Rapor: /root/projects/yakinimdakideprem.com/reports/seo-2026-04-27.json

─── ÖZET ───
Search Console: 35 tıklama, 6094 gösterim
Top 5 query:
  • yakınımdaki deprem                  25tk / 5675gz / pos 6.8
  • anlık deprem türkiye                2tk / 75gz / pos 10.9
  • sismik harita canlı                 2tk / 11gz / pos 10.7
  • son depremler                       2tk / 5gz / pos 10.6
  • afad deprem haritası canlı          1tk / 4gz / pos 16.5
GA4: 22 aktif kullanıcı
Top 5 sayfa:
  • /                                   11u / 14pv / eng%40.0
  • /blog.html                          3u / 7pv / eng%33.3
  • /deprem-aninda.html                 3u / 0pv / eng%66.7
  • /ben-kimim.html                     2u / 2pv / eng%50.0
  • /blog-deprem-guvenlik-bilgileri.html 1u / 1pv / eng%0.0
[2026-04-27T09:00:05+00:00] Rapor üretildi
→ Search Console (7 gün) çekiliyor...
  ✓ 50 query, 28 sayfa
→ GA4 (7 gün) çekiliyor...
  ✓ 2 sayfa, 4 kanal

✓ Rapor: /root/projects/yakinimdakideprem.com/reports/seo-2026-05-04.json

─── ÖZET ───
Search Console: 18 tıklama, 2113 gösterim
Top 5 query:
  • yakınımdaki deprem                  8tk / 926gz / pos 7.6
  • anlık deprem                        6tk / 774gz / pos 11.2
  • canlı deprem haritası               1tk / 59gz / pos 10.2
  • haritalı son depremler              1tk / 5gz / pos 22
  • son dakika deprem canlı             1tk / 5gz / pos 10.8
GA4: 9 aktif kullanıcı
Top 5 sayfa:
  • /                                   8u / 8pv / eng%37.5
  • /deprem-aninda.html                 1u / 0pv / eng%0.0
[2026-05-04T09:00:05+00:00] Rapor üretildi
→ Search Console (7 gün) çekiliyor...
  ✓ 50 query, 41 sayfa
→ GA4 (7 gün) çekiliyor...
  ✓ 3 sayfa, 3 kanal

✓ Rapor: /root/projects/yakinimdakideprem.com/reports/seo-2026-05-11.json

─── ÖZET ───
Search Console: 17 tıklama, 3441 gösterim
Top 5 query:
  • anlık deprem                        9tk / 1255gz / pos 10.1
  • yakınımdaki deprem                  2tk / 498gz / pos 6.7
  • canlı deprem                        1tk / 149gz / pos 11.2
  • canlı deprem haritası               1tk / 133gz / pos 9.7
  • deprem anlık                        1tk / 234gz / pos 9.9
GA4: 18 aktif kullanıcı
Top 5 sayfa:
  • /                                   15u / 91pv / eng%43.8
  • /deprem-aninda.html                 2u / 2pv / eng%66.7
  • /blog.html                          1u / 2pv / eng%50.0
[2026-05-11T09:00:06+00:00] Rapor üretildi
→ Search Console (7 gün) çekiliyor...
  ✓ 50 query, 44 sayfa
→ GA4 (7 gün) çekiliyor...
  ✓ 2 sayfa, 3 kanal

✓ Rapor: /root/projects/yakinimdakideprem.com/reports/seo-2026-05-18.json

─── ÖZET ───
Search Console: 65 tıklama, 5427 gösterim
Top 5 query:
  • anlık deprem                        13tk / 1545gz / pos 8.6
  • son dakika deprem türkiye           13tk / 1765gz / pos 8.7
  • yakınımdaki deprem                  11tk / 664gz / pos 6.2
  • anlık deprem türkiye                4tk / 63gz / pos 7.3
  • canlı deprem haritası               4tk / 140gz / pos 9.2
GA4: 9 aktif kullanıcı
Top 5 sayfa:
  • /                                   8u / 14pv / eng%50.0
  • /deprem-aninda.html                 1u / 1pv / eng%0.0
[2026-05-18T09:00:04+00:00] Rapor üretildi
→ Search Console (7 gün) çekiliyor...
  ✓ 50 query, 50 sayfa
→ GA4 (7 gün) çekiliyor...
  ✓ 5 sayfa, 4 kanal

✓ Rapor: /root/projects/yakinimdakideprem.com/reports/seo-2026-05-25.json

─── ÖZET ───
Search Console: 1896 tıklama, 212095 gösterim
Top 5 query:
  • yakınımdaki deprem                  1594tk / 182341gz / pos 5.3
  • son dakika deprem türkiye           192tk / 19055gz / pos 7.8
  • deprem anlık                        13tk / 943gz / pos 7.1
  • canlı deprem                        12tk / 1350gz / pos 8.5
  • anlık deprem bilgisi                10tk / 242gz / pos 5.6
GA4: 428 aktif kullanıcı
Top 5 sayfa:
  • /                                   407u / 438pv / eng%51.8
  • /deprem-aninda.html                 17u / 15pv / eng%52.9
  • /blog-arac-kullanirken.html         2u / 2pv / eng%100.0
  • /blog-disaridaysaniz.html           1u / 0pv / eng%100.0
  • /blog.html                          1u / 7pv / eng%100.0
[2026-05-25T09:00:07+00:00] Rapor üretildi
